
GNU gdb (GDB) 13.1
Copyright (C) 2023 Free Software Foundation, Inc.
License GPLv3+: GNU GPL version 3 or later <http://gnu.org/licenses/gpl.html>
This is free software: you are free to change and redistribute it.
There is NO WARRANTY, to the extent permitted by law.
Type "show copying" and "show warranty" for details.
This GDB was configured as "--host=x86_64-pc-linux-gnu --target=riscv64-unknown-elf".
Type "show configuration" for configuration details.
For bug reporting instructions, please see:
<https://www.gnu.org/software/gdb/bugs/>.
Find the GDB manual and other documentation resources online at:
    <http://www.gnu.org/software/gdb/documentation/>.

For help, type "help".
Type "apropos word" to search for commands related to "word".
(gdb) target remote localhost:1234
Remote debugging using localhost:1234
warning: No executable has been specified and target does not support
determining executable automatically.  Try using the "file" command.
0x0000000020000000 in ?? ()
(gdb) info registers
ra             0x0	0x0
sp             0x0	0x0
gp             0x0	0x0
tp             0x0	0x0
t0             0x0	0
t1             0x0	0
t2             0x0	0
fp             0x0	0x0
s1             0x0	0
a0             0x0	0
a1             0x0	0
a2             0x0	0
a3             0x0	0
a4             0x0	0
a5             0x0	0
a6             0x0	0
a7             0x0	0
s2             0x0	0
s3             0x0	0
s4             0x0	0
s5             0x0	0
s6             0x0	0
s7             0x0	0
s8             0x0	0
s9             0x0	0
s10            0x0	0
s11            0x0	0
t3             0x0	0
t4             0x0	0
t5             0x0	0
t6             0x0	0
pc             0x20000000	0x20000000
(gdb) stepi


Fatal signal: Segmentation fault
----- Backtrace -----
0x63bf054f7aef gdb_internal_backtrace_1
	../../gdb/bt-utils.c:122
0x63bf054f7aef _Z22gdb_internal_backtracev
	../../gdb/bt-utils.c:168
0x63bf05618288 handle_fatal_signal
	../../gdb/event-top.c:956
0x63bf05618459 handle_sigsegv
	../../gdb/event-top.c:1029
0x71ed9544532f ???
	./signal/../sysdeps/unix/sysv/linux/x86_64/libc_sigaction.c:0
0x63bf05641c97 compute_frame_id
	../../gdb/frame.c:584
0x63bf05641efd _Z12get_frame_id14frame_info_ptr
	../../gdb/frame.c:626
0x63bf05680c61 _Z13set_step_infoP11thread_info14frame_info_ptr15symtab_and_line
	../../gdb/infrun.c:4306
0x63bf0566c854 set_step_frame
	../../gdb/infcmd.c:767
0x63bf0566cac6 prepare_one_step
	../../gdb/infcmd.c:956
0x63bf05670199 step_1
	../../gdb/infcmd.c:884
0x63bf0552e854 _Z8cmd_funcP16cmd_list_elementPKci
	../../gdb/cli/cli-decode.c:2543
0x63bf0586af85 _Z15execute_commandPKci
	../../gdb/top.c:688
0x63bf05618b5c _Z15command_handlerPKc
	../../gdb/event-top.c:616
0x63bf0561a3a0 _Z20command_line_handlerOSt10unique_ptrIcN3gdb13xfree_deleterIcEEE
	../../gdb/event-top.c:852
0x63bf056194dc gdb_rl_callback_handler
	../../gdb/event-top.c:246
0x63bf05951644 rl_callback_read_char
	../../../readline/readline/callback.c:290
0x63bf05619645 gdb_rl_callback_read_char_wrapper_noexcept
	../../gdb/event-top.c:188
0x63bf05619803 gdb_rl_callback_read_char_wrapper
	../../gdb/event-top.c:221
0x63bf0561813f stdin_event_handler
	../../gdb/event-top.c:541
0x63bf05a2b655 gdb_wait_for_event
	../../gdbsupport/event-loop.cc:716
0x63bf05a2c1cd _Z16gdb_do_one_eventi
	../../gdbsupport/event-loop.cc:264
0x63bf056c0cc9 start_event_loop
	../../gdb/main.c:411
0x63bf056c0cc9 captured_command_loop
	../../gdb/main.c:471
0x63bf056c2984 captured_main
	../../gdb/main.c:1330
0x63bf056c2984 _Z8gdb_mainP18captured_main_args
	../../gdb/main.c:1345
0x63bf0545881d main
	../../gdb/gdb.c:32
---------------------
A fatal error internal to GDB has been detected, further
debugging is not possible.  GDB will now terminate.

This is a bug, please report it.  For instructions, see:
<https://www.gnu.org/software/gdb/bugs/>.

Segmentation fault (core dumped)
